../Core/Src/main.c:108:8:Convert_ADC	32	static
../Core/Src/main.c:140:5:main	8	static
../Core/Src/main.c:237:6:SystemClock_Config	88	static
../Core/Src/main.c:295:13:MX_ADC1_Init	24	static
../Core/Src/main.c:347:13:MX_ETH_Init	8	static
../Core/Src/main.c:396:13:MX_USART3_UART_Init	8	static
../Core/Src/main.c:431:13:MX_USB_OTG_FS_PCD_Init	8	static
../Core/Src/main.c:466:13:MX_GPIO_Init	56	static
../Core/Src/main.c:523:6:HAL_GPIO_EXTI_Callback	16	static
../Core/Src/main.c:541:6:StartTaskCalc	32	static
../Core/Src/main.c:571:6:StartTaskADC	24	static
../Core/Src/main.c:604:6:StartTaskSend	128	static
../Core/Src/main.c:628:6:HAL_TIM_PeriodElapsedCallback	16	static
../Core/Src/main.c:646:6:Error_Handler	4	static,ignoring_inline_asm
