../Core/Src/main.c:125:5:main	8	static
../Core/Src/main.c:218:6:SystemClock_Config	88	static
../Core/Src/main.c:276:13:MX_ETH_Init	8	static
../Core/Src/main.c:325:13:MX_USART3_UART_Init	8	static
../Core/Src/main.c:360:13:MX_USB_OTG_FS_PCD_Init	8	static
../Core/Src/main.c:395:13:MX_GPIO_Init	56	static
../Core/Src/main.c:452:6:HAL_GPIO_EXTI_Callback	24	static
../Core/Src/main.c:470:6:StartTask01	24	static
../Core/Src/main.c:497:6:StartTask02	24	static
../Core/Src/main.c:524:6:StartTask03	24	static
../Core/Src/main.c:551:6:HAL_TIM_PeriodElapsedCallback	16	static
../Core/Src/main.c:569:6:Error_Handler	4	static,ignoring_inline_asm
